Drop User ...

User dropped.

Creating User ...

User created.


Grant succeeded.


Grant succeeded.


Grant succeeded.


Grant succeeded.


Grant succeeded.


Grant succeeded.


Session altered.

Creating Tables ...

Table created.


Comment created.


Table created.


Comment created.


Comment created.


Comment created.


Comment created.


Comment created.


Comment created.


Table created.


Comment created.


Comment created.


Comment created.


Comment created.


Comment created.


Table created.


Comment created.


Comment created.


Comment created.


Comment created.


Comment created.


Comment created.


Table created.


Comment created.


Comment created.


Comment created.


Comment created.


Comment created.


Comment created.


Table created.


Comment created.


Comment created.


Comment created.


Table created.


Comment created.


Comment created.


Table created.


Comment created.


Comment created.


Comment created.


Comment created.


Comment created.


Table created.


Comment created.


Comment created.


Comment created.


Comment created.


Table created.


Comment created.


Comment created.


Table created.


Comment created.


Comment created.


Comment created.


Table created.


Comment created.


Table created.


Comment created.


Table created.


Comment created.


Table created.


Comment created.


Table created.


Comment created.


Table created.


Comment created.


Comment created.


Comment created.


Comment created.


Table created.


Comment created.


Comment created.


Comment created.


Comment created.


Table created.


Comment created.


Comment created.


Comment created.


Comment created.


Comment created.


Comment created.


Comment created.


Table created.


Table created.


Comment created.


Table created.


Comment created.


Comment created.


Comment created.


Comment created.


Comment created.


Comment created.


Comment created.


Comment created.


Table created.


Comment created.


Comment created.


Comment created.


Comment created.


Table created.


Comment created.


Comment created.


Comment created.


Comment created.


Comment created.


Comment created.


Comment created.


Comment created.


Comment created.


Comment created.


Comment created.


Comment created.


Comment created.


Comment created.


Comment created.


Comment created.


Table created.


Comment created.


Comment created.


Comment created.


Comment created.


Comment created.


Comment created.

Creating Indexes ...

Index created.


Index created.


Index created.


Index created.


Index created.


Index created.


Index created.


Index created.


Index created.


Index created.


Index created.


Index created.


Index created.


Index created.


Index created.


Index created.


Index created.


Index created.


Index created.


Index created.


Index created.


Index created.


Index created.


Index created.


Index created.


Index created.


Index created.


Index created.


Index created.


Index created.


Index created.


Index created.


Index created.


Index created.


Index created.


Index created.


Index created.


Index created.


Index created.


Index created.


Index created.


Index created.


Index created.


Index created.


Index created.


Index created.


Index created.


Index created.


Index created.


Index created.


Index created.

Creating Primary Keys

Table altered.


Table altered.


Table altered.


Table altered.


Table altered.


Table altered.


Table altered.


Table altered.


Table altered.


Table altered.


Table altered.


Table altered.


Table altered.


Table altered.


Table altered.


Table altered.


Table altered.


Table altered.


Table altered.


Table altered.


Table altered.


Table altered.


Table altered.


Table altered.


Table altered.

Creating Foreign Keys

Table altered.


Table altered.


Table altered.


Table altered.


Table altered.


Table altered.


Table altered.


Table altered.


Table altered.


Table altered.


Table altered.


Table altered.


Table altered.


Table altered.


Table altered.


Table altered.


Table altered.


Table altered.


Table altered.


Table altered.


Table altered.


Table altered.


Table altered.


Table altered.


Table altered.


Table altered.


Table altered.


Table altered.


Table altered.


Table altered.


Table altered.


Table altered.


Table altered.


Table altered.


Table altered.


Table altered.


Table altered.


Table altered.


Table altered.


Table altered.


Table altered.


Table altered.


Table altered.


Table altered.


Table altered.


Table altered.


Table altered.


Table altered.


Table altered.


Table altered.


Table altered.


Table altered.


Table altered.

Creating Sequences ...

Sequence created.


Sequence created.


Sequence created.


Sequence created.


Sequence created.


Sequence created.


Sequence created.


Sequence created.


Sequence created.


Sequence created.


Sequence created.


Sequence created.


Sequence created.


Sequence created.


Sequence created.


Sequence created.

Creating Types ...

Type created.

Creating Functions ...

Procedure created.


Function created.


Function created.

old   2: defsmtphost         CONSTANT    VARCHAR(100)    DEFAULT '&1';   -- default smtp host
new   2: defsmtphost         CONSTANT    VARCHAR(100)    DEFAULT 'smtp.office365.com';   -- default smtp host
old   3: defdomain           CONSTANT    VARCHAR(100)    DEFAULT '&2';   -- default domain for identification to smtp host
new   3: defdomain           CONSTANT    VARCHAR(100)    DEFAULT 'oracle-guru.com';   -- default domain for identification to smtp host
old   4: def_sender_email    CONSTANT    VARCHAR(100)    DEFAULT '&3';   -- default sender email address
new   4: def_sender_email    CONSTANT    VARCHAR(100)    DEFAULT 'rao@oracle-guru.coma';   -- default sender email address
old   5: mail_errors_to      CONSTANT    VARCHAR(100)    DEFAULT '&4';   -- email address to mail workflow runtime errors to
new   5: mail_errors_to      CONSTANT    VARCHAR(100)    DEFAULT 'rao.vangaru@gmail.com';   -- email address to mail workflow runtime errors to

Package created.

No errors.

Package body created.

No errors.
Initial Data ...

1 row created.


Commit complete.

Creating Triggers ...

Trigger created.


Trigger created.


Synonym created.


Synonym created.


Synonym created.


Synonym created.

wf_participants ROLEs : from 11 to 100

1 row created.


1 row created.


1 row created.


1 row created.


1 row created.


1 row created.


1 row created.


1 row created.


1 row created.


1 row created.


1 row created.


1 row created.

wf_participants TEAMs : 101 to 200

1 row created.


1 row created.


1 row created.


1 row created.


1 row created.


1 row created.

wf_participants GRANTs
Grant TEAMLEAD role to TEAMLEAD_TEAM team

PL/SQL procedure successfully completed.

Grant TECHLEAD role to TECHLEAD_TEAM team

PL/SQL procedure successfully completed.

Grant PROGLEAD role to PROGLEAD_TEAM team

PL/SQL procedure successfully completed.

Grant MANAGER role to MANAGER_TEAM team

PL/SQL procedure successfully completed.

Grant SECURITY role to SECURITY_TEAM team

PL/SQL procedure successfully completed.

Grant ENGINEER role to ENGINEER_TEAM team

PL/SQL procedure successfully completed.

wf_participants  - everyone from EMP table

194 rows created.

grant EMPLOYEE role to all HUMANS

PL/SQL procedure successfully completed.

grant TEAMLEAD role to TEAMLEAD HUMANS

PL/SQL procedure successfully completed.

grant TECHLEAD role to TECHLEAD HUMANS

PL/SQL procedure successfully completed.

grant PROGLEAD role to PROGLEAD HUMANS

PL/SQL procedure successfully completed.

grant MANAGER role to Asset Owners

PL/SQL procedure successfully completed.

grant SECURITY role to SUPERVISOR

PL/SQL procedure successfully completed.

